// Jest Snapshot v1, https://goo.gl/fbAQLP

exports[`<SignIn /> should render correctly 1`] = `
<div
  className="page page--gray page--login"
>
  <header
    className="header"
  >
    <div
      className="container"
    >
      <div
        className="header__wrapper"
      >
        <div
          className="header__left"
        >
          <a
            className="header__logo-link"
            href="main.html"
          >
            <img
              alt="6 cities logo"
              className="header__logo"
              height="41"
              src="img/logo.svg"
              width="81"
            />
          </a>
        </div>
        <nav
          className="header__nav"
        >
          <ul
            className="header__nav-list"
          >
            <li
              className="header__nav-item user"
            >
              <a
                className="header__nav-link header__nav-link--profile"
                href="#"
              >
                <div
                  className="header__avatar-wrapper user__avatar-wrapper"
                />
                <span
                  className="header__login"
                >
                  Sign in
                </span>
              </a>
            </li>
          </ul>
        </nav>
      </div>
    </div>
  </header>
  <main
    className="page__main page__main--login"
  >
    <div
      className="page__login-container container"
    >
      <section
        className="login"
      >
        <h1
          className="login__title"
        >
          Sign in
        </h1>
        <form
          action="#"
          className="login__form form"
          method="post"
          onSubmit={[Function]}
        >
          <div
            className="login__input-wrapper form__input-wrapper"
          >
            <label
              className="visually-hidden"
            >
              E-mail
            </label>
            <input
              autoComplete="off"
              className="login__input form__input"
              name="email"
              placeholder="Email"
              required={true}
              style={
                Object {
                  "backgroundAttachment": "scroll",
                  "backgroundImage": "url(\\"data:image/png",
                  "backgroundPosition": "98% 50%",
                  "backgroundRepeat": "no-repeat",
                  "backgroundSize": "16px 18px",
                  "cursor": "auto",
                }
              }
              type="email"
            />
          </div>
          <div
            className="login__input-wrapper form__input-wrapper"
          >
            <label
              className="visually-hidden"
            >
              Password
            </label>
            <input
              autoComplete="off"
              className="login__input form__input"
              name="password"
              placeholder="Password"
              required={true}
              style={
                Object {
                  "backgroundAttachment": "scroll",
                  "backgroundImage": "url(\\"data:image/png",
                  "backgroundPosition": "98% 50%",
                  "backgroundRepeat": "no-repeat",
                  "backgroundSize": "16px 18px",
                  "cursor": "auto",
                }
              }
              type="password"
            />
          </div>
          <button
            className="login__submit form__submit button"
            type="submit"
          >
            Sign in
          </button>
        </form>
      </section>
    </div>
  </main>
</div>
`;
